Archive member included because of file (symbol)

c:/users/merna atef/downloads/sdk_win_64/winavr/bin/../lib/gcc/avr/4.3.3/avr5\libgcc.a(_udivmodhi4.o)
                              ./main.o (__udivmodhi4)
c:/users/merna atef/downloads/sdk_win_64/winavr/bin/../lib/gcc/avr/4.3.3/avr5\libgcc.a(_exit.o)
                              c:/users/merna atef/downloads/sdk_win_64/winavr/bin/../lib/gcc/avr/4.3.3/../../../../avr/lib/avr5/crtm32.o (exit)
c:/users/merna atef/downloads/sdk_win_64/winavr/bin/../lib/gcc/avr/4.3.3/avr5\libgcc.a(_clear_bss.o)
                              ./ADC_program.o (__do_clear_bss)

Memory Configuration

Name             Origin             Length             Attributes
text             0x00000000         0x00020000         xr
data             0x00800060         0x0000ffa0         rw !x
eeprom           0x00810000         0x00010000         rw !x
fuse             0x00820000         0x00000400         rw !x
lock             0x00830000         0x00000400         rw !x
signature        0x00840000         0x00000400         rw !x
*default*        0x00000000         0xffffffff

Linker script and memory map

LOAD c:/users/merna atef/downloads/sdk_win_64/winavr/bin/../lib/gcc/avr/4.3.3/../../../../avr/lib/avr5/crtm32.o
LOAD ./ADC_program.o
LOAD ./DIO_program.o
LOAD ./TIMER_program.o
LOAD ./main.o
LOAD c:/users/merna atef/downloads/sdk_win_64/winavr/bin/../lib/gcc/avr/4.3.3/avr5\libgcc.a
LOAD c:/users/merna atef/downloads/sdk_win_64/winavr/bin/../lib/gcc/avr/4.3.3/../../../../avr/lib/avr5\libc.a
LOAD c:/users/merna atef/downloads/sdk_win_64/winavr/bin/../lib/gcc/avr/4.3.3/avr5\libgcc.a

.hash
 *(.hash)

.dynsym
 *(.dynsym)

.dynstr
 *(.dynstr)

.gnu.version
 *(.gnu.version)

.gnu.version_d
 *(.gnu.version_d)

.gnu.version_r
 *(.gnu.version_r)

.rel.init
 *(.rel.init)

.rela.init
 *(.rela.init)

.rel.text
 *(.rel.text)
 *(.rel.text.*)
 *(.rel.gnu.linkonce.t*)

.rela.text
 *(.rela.text)
 *(.rela.text.*)
 *(.rela.gnu.linkonce.t*)

.rel.fini
 *(.rel.fini)

.rela.fini
 *(.rela.fini)

.rel.rodata
 *(.rel.rodata)
 *(.rel.rodata.*)
 *(.rel.gnu.linkonce.r*)

.rela.rodata
 *(.rela.rodata)
 *(.rela.rodata.*)
 *(.rela.gnu.linkonce.r*)

.rel.data
 *(.rel.data)
 *(.rel.data.*)
 *(.rel.gnu.linkonce.d*)

.rela.data
 *(.rela.data)
 *(.rela.data.*)
 *(.rela.gnu.linkonce.d*)

.rel.ctors
 *(.rel.ctors)

.rela.ctors
 *(.rela.ctors)

.rel.dtors
 *(.rel.dtors)

.rela.dtors
 *(.rela.dtors)

.rel.got
 *(.rel.got)

.rela.got
 *(.rela.got)

.rel.bss
 *(.rel.bss)

.rela.bss
 *(.rela.bss)

.rel.plt
 *(.rel.plt)

.rela.plt
 *(.rela.plt)

.text           0x00000000     0x1c58
 *(.vectors)
 .vectors       0x00000000       0x54 c:/users/merna atef/downloads/sdk_win_64/winavr/bin/../lib/gcc/avr/4.3.3/../../../../avr/lib/avr5/crtm32.o
                0x00000000                __vectors
                0x00000000                __vector_default
 *(.vectors)
 *(.progmem.gcc*)
 *(.progmem*)
                0x00000054                . = ALIGN (0x2)
                0x00000054                __trampolines_start = .
 *(.trampolines)
 .trampolines   0x00000054        0x0 linker stubs
 *(.trampolines*)
                0x00000054                __trampolines_end = .
 *(.jumptables)
 *(.jumptables*)
 *(.lowtext)
 *(.lowtext*)
                0x00000054                __ctors_start = .
 *(.ctors)
                0x00000054                __ctors_end = .
                0x00000054                __dtors_start = .
 *(.dtors)
                0x00000054                __dtors_end = .
 SORT(*)(.ctors)
 SORT(*)(.dtors)
 *(.init0)
 .init0         0x00000054        0x0 c:/users/merna atef/downloads/sdk_win_64/winavr/bin/../lib/gcc/avr/4.3.3/../../../../avr/lib/avr5/crtm32.o
                0x00000054                __init
 *(.init0)
 *(.init1)
 *(.init1)
 *(.init2)
 .init2         0x00000054        0xc c:/users/merna atef/downloads/sdk_win_64/winavr/bin/../lib/gcc/avr/4.3.3/../../../../avr/lib/avr5/crtm32.o
 *(.init2)
 *(.init3)
 *(.init3)
 *(.init4)
 .init4         0x00000060       0x10 c:/users/merna atef/downloads/sdk_win_64/winavr/bin/../lib/gcc/avr/4.3.3/avr5\libgcc.a(_clear_bss.o)
                0x00000060                __do_clear_bss
 *(.init4)
 *(.init5)
 *(.init5)
 *(.init6)
 *(.init6)
 *(.init7)
 *(.init7)
 *(.init8)
 *(.init8)
 *(.init9)
 .init9         0x00000070        0x8 c:/users/merna atef/downloads/sdk_win_64/winavr/bin/../lib/gcc/avr/4.3.3/../../../../avr/lib/avr5/crtm32.o
 *(.init9)
 *(.text)
 .text          0x00000078        0x4 c:/users/merna atef/downloads/sdk_win_64/winavr/bin/../lib/gcc/avr/4.3.3/../../../../avr/lib/avr5/crtm32.o
                0x00000078                __vector_1
                0x00000078                __vector_12
                0x00000078                __bad_interrupt
                0x00000078                __vector_3
                0x00000078                __vector_13
                0x00000078                __vector_17
                0x00000078                __vector_19
                0x00000078                __vector_2
                0x00000078                __vector_15
                0x00000078                __vector_14
                0x00000078                __vector_18
                0x00000078                __vector_20
 .text          0x0000007c        0x0 ./ADC_program.o
 .text          0x0000007c        0x0 ./DIO_program.o
 .text          0x0000007c        0x0 ./TIMER_program.o
 .text          0x0000007c        0x0 ./main.o
 .text          0x0000007c        0x0 c:/users/merna atef/downloads/sdk_win_64/winavr/bin/../lib/gcc/avr/4.3.3/avr5\libgcc.a(_udivmodhi4.o)
 .text          0x0000007c        0x0 c:/users/merna atef/downloads/sdk_win_64/winavr/bin/../lib/gcc/avr/4.3.3/avr5\libgcc.a(_exit.o)
 .text          0x0000007c        0x0 c:/users/merna atef/downloads/sdk_win_64/winavr/bin/../lib/gcc/avr/4.3.3/avr5\libgcc.a(_clear_bss.o)
                0x0000007c                . = ALIGN (0x2)
 *(.text.*)
 .text.ADC_voidInit
                0x0000007c       0x70 ./ADC_program.o
                0x0000007c                ADC_voidInit
 .text.ADC_voidEnable
                0x000000ec       0x1c ./ADC_program.o
                0x000000ec                ADC_voidEnable
 .text.ADC_voidDisable
                0x00000108       0x1c ./ADC_program.o
                0x00000108                ADC_voidDisable
 .text.ADC_voidInterruptEnable
                0x00000124       0x1c ./ADC_program.o
                0x00000124                ADC_voidInterruptEnable
 .text.ADC_voidInterruptDisable
                0x00000140       0x1c ./ADC_program.o
                0x00000140                ADC_voidInterruptDisable
 .text.ADC_u8SetPrescaler
                0x0000015c       0x3e ./ADC_program.o
                0x0000015c                ADC_u8SetPrescaler
 .text.ADC_u8GetResultSync
                0x0000019a      0x130 ./ADC_program.o
                0x0000019a                ADC_u8GetResultSync
 .text.ADC_u8StartConversionAsynch
                0x000002ca       0xae ./ADC_program.o
                0x000002ca                ADC_u8StartConversionAsynch
 .text.ADC_u8StartChainAsynch
                0x00000378      0x104 ./ADC_program.o
                0x00000378                ADC_u8StartChainAsynch
 .text.__vector_16
                0x0000047c      0x13e ./ADC_program.o
                0x0000047c                __vector_16
 .text.DIO_enumSetPinDirection
                0x000005ba      0x21e ./DIO_program.o
                0x000005ba                DIO_enumSetPinDirection
 .text.DIO_enumSetPinValue
                0x000007d8      0x21e ./DIO_program.o
                0x000007d8                DIO_enumSetPinValue
 .text.DIO_enumGetPinValue
                0x000009f6      0x18a ./DIO_program.o
                0x000009f6                DIO_enumGetPinValue
 .text.DIO_enumTogglePinValue
                0x00000b80      0x110 ./DIO_program.o
                0x00000b80                DIO_enumTogglePinValue
 .text.DIO_enumConnectPullup
                0x00000c90      0x2b2 ./DIO_program.o
                0x00000c90                DIO_enumConnectPullup
 .text.DIO_enumSetPortDirection
                0x00000f42       0x9a ./DIO_program.o
                0x00000f42                DIO_enumSetPortDirection
 .text.DIO_enumSetPortValue
                0x00000fdc       0x9a ./DIO_program.o
                0x00000fdc                DIO_enumSetPortValue
 .text.DIO_enumTogglePortValue
                0x00001076       0xaa ./DIO_program.o
                0x00001076                DIO_enumTogglePortValue
 .text.DIO_enumGetPortValue
                0x00001120       0xae ./DIO_program.o
                0x00001120                DIO_enumGetPortValue
 .text.DIO_voidWriteHighNibbles
                0x000011ce       0xf8 ./DIO_program.o
                0x000011ce                DIO_voidWriteHighNibbles
 .text.DIO_voidWriteLowNibbles
                0x000012c6       0xf6 ./DIO_program.o
                0x000012c6                DIO_voidWriteLowNibbles
 .text.TIMER0_voidInit
                0x000013bc       0x5c ./TIMER_program.o
                0x000013bc                TIMER0_voidInit
 .text.TIMER1_voidInit
                0x00001418      0x100 ./TIMER_program.o
                0x00001418                TIMER1_voidInit
 .text.TIMER2_voidInit
                0x00001518       0x5c ./TIMER_program.o
                0x00001518                TIMER2_voidInit
 .text.TIMER0_voidSetPreload
                0x00001574       0x1c ./TIMER_program.o
                0x00001574                TIMER0_voidSetPreload
 .text.TIMER1_voidSetPreload
                0x00001590       0x24 ./TIMER_program.o
                0x00001590                TIMER1_voidSetPreload
 .text.TIMER2_voidSetPreload
                0x000015b4       0x1c ./TIMER_program.o
                0x000015b4                TIMER2_voidSetPreload
 .text.TIMER0_voidSetCTC
                0x000015d0       0x1c ./TIMER_program.o
                0x000015d0                TIMER0_voidSetCTC
 .text.TIMER1_voidSetCTCA
                0x000015ec       0x24 ./TIMER_program.o
                0x000015ec                TIMER1_voidSetCTCA
 .text.TIMER1_voidSetCTCB
                0x00001610       0x24 ./TIMER_program.o
                0x00001610                TIMER1_voidSetCTCB
 .text.TIMER2_voidSetCTC
                0x00001634       0x1c ./TIMER_program.o
                0x00001634                TIMER2_voidSetCTC
 .text.TIMER1_voidSetICR1
                0x00001650       0x24 ./TIMER_program.o
                0x00001650                TIMER1_voidSetICR1
 .text.TIMER0_u8GetTimerCounterValue
                0x00001674       0x14 ./TIMER_program.o
                0x00001674                TIMER0_u8GetTimerCounterValue
 .text.TIMER1_u16GetTimerCounterValue
                0x00001688       0x16 ./TIMER_program.o
                0x00001688                TIMER1_u16GetTimerCounterValue
 .text.TIMER2_u8GetTimerCounterValue
                0x0000169e       0x14 ./TIMER_program.o
                0x0000169e                TIMER2_u8GetTimerCounterValue
 .text.TIMER_voidSetPWM
                0x000016b2       0x24 ./TIMER_program.o
                0x000016b2                TIMER_voidSetPWM
 .text.TIMER_voidICUInitEnable
                0x000016d6       0x2a ./TIMER_program.o
                0x000016d6                TIMER_voidICUInitEnable
 .text.TIMER_voidICUSetTriggerEdge
                0x00001700       0x4a ./TIMER_program.o
                0x00001700                TIMER_voidICUSetTriggerEdge
 .text.TIMER_voidICUEnableInterrupt
                0x0000174a       0x1c ./TIMER_program.o
                0x0000174a                TIMER_voidICUEnableInterrupt
 .text.TIMER_voidICUDisableInterrupt
                0x00001766       0x1c ./TIMER_program.o
                0x00001766                TIMER_voidICUDisableInterrupt
 .text.TIMER_u16GetICR
                0x00001782       0x16 ./TIMER_program.o
                0x00001782                TIMER_u16GetICR
 .text.TIMER_voidWDTSleep
                0x00001798       0x2a ./TIMER_program.o
                0x00001798                TIMER_voidWDTSleep
 .text.TIMER_voidWDTEnable
                0x000017c2       0x1c ./TIMER_program.o
                0x000017c2                TIMER_voidWDTEnable
 .text.TIMER_voidWDTDisable
                0x000017de       0x22 ./TIMER_program.o
                0x000017de                TIMER_voidWDTDisable
 .text.TIMER_u8SetCallBack
                0x00001800       0x4a ./TIMER_program.o
                0x00001800                TIMER_u8SetCallBack
 .text.__vector_11
                0x0000184a       0x66 ./TIMER_program.o
                0x0000184a                __vector_11
 .text.__vector_10
                0x000018b0       0x66 ./TIMER_program.o
                0x000018b0                __vector_10
 .text.__vector_9
                0x00001916       0x66 ./TIMER_program.o
                0x00001916                __vector_9
 .text.__vector_8
                0x0000197c       0x66 ./TIMER_program.o
                0x0000197c                __vector_8
 .text.__vector_7
                0x000019e2       0x66 ./TIMER_program.o
                0x000019e2                __vector_7
 .text.__vector_6
                0x00001a48       0x66 ./TIMER_program.o
                0x00001a48                __vector_6
 .text.__vector_5
                0x00001aae       0x66 ./TIMER_program.o
                0x00001aae                __vector_5
 .text.__vector_4
                0x00001b14       0x66 ./TIMER_program.o
                0x00001b14                __vector_4
 .text.main     0x00001b7a       0xb2 ./main.o
                0x00001b7a                main
 .text.libgcc   0x00001c2c       0x28 c:/users/merna atef/downloads/sdk_win_64/winavr/bin/../lib/gcc/avr/4.3.3/avr5\libgcc.a(_udivmodhi4.o)
                0x00001c2c                __udivmodhi4
 .text.libgcc   0x00001c54        0x0 c:/users/merna atef/downloads/sdk_win_64/winavr/bin/../lib/gcc/avr/4.3.3/avr5\libgcc.a(_exit.o)
 .text.libgcc   0x00001c54        0x0 c:/users/merna atef/downloads/sdk_win_64/winavr/bin/../lib/gcc/avr/4.3.3/avr5\libgcc.a(_clear_bss.o)
                0x00001c54                . = ALIGN (0x2)
 *(.fini9)
 .fini9         0x00001c54        0x0 c:/users/merna atef/downloads/sdk_win_64/winavr/bin/../lib/gcc/avr/4.3.3/avr5\libgcc.a(_exit.o)
                0x00001c54                exit
                0x00001c54                _exit
 *(.fini9)
 *(.fini8)
 *(.fini8)
 *(.fini7)
 *(.fini7)
 *(.fini6)
 *(.fini6)
 *(.fini5)
 *(.fini5)
 *(.fini4)
 *(.fini4)
 *(.fini3)
 *(.fini3)
 *(.fini2)
 *(.fini2)
 *(.fini1)
 *(.fini1)
 *(.fini0)
 .fini0         0x00001c54        0x4 c:/users/merna atef/downloads/sdk_win_64/winavr/bin/../lib/gcc/avr/4.3.3/avr5\libgcc.a(_exit.o)
 *(.fini0)
                0x00001c58                _etext = .

.data           0x00800060        0x0 load address 0x00001c58
                0x00800060                PROVIDE (__data_start, .)
 *(.data)
 .data          0x00800060        0x0 c:/users/merna atef/downloads/sdk_win_64/winavr/bin/../lib/gcc/avr/4.3.3/../../../../avr/lib/avr5/crtm32.o
 .data          0x00800060        0x0 ./ADC_program.o
 .data          0x00800060        0x0 ./DIO_program.o
 .data          0x00800060        0x0 ./TIMER_program.o
 .data          0x00800060        0x0 ./main.o
 .data          0x00800060        0x0 c:/users/merna atef/downloads/sdk_win_64/winavr/bin/../lib/gcc/avr/4.3.3/avr5\libgcc.a(_udivmodhi4.o)
 .data          0x00800060        0x0 c:/users/merna atef/downloads/sdk_win_64/winavr/bin/../lib/gcc/avr/4.3.3/avr5\libgcc.a(_exit.o)
 .data          0x00800060        0x0 c:/users/merna atef/downloads/sdk_win_64/winavr/bin/../lib/gcc/avr/4.3.3/avr5\libgcc.a(_clear_bss.o)
 *(.data*)
 *(.rodata)
 *(.rodata*)
 *(.gnu.linkonce.d*)
                0x00800060                . = ALIGN (0x2)
                0x00800060                _edata = .
                0x00800060                PROVIDE (__data_end, .)

.bss            0x00800060       0x2a
                0x00800060                PROVIDE (__bss_start, .)
 *(.bss)
 .bss           0x00800060        0x0 c:/users/merna atef/downloads/sdk_win_64/winavr/bin/../lib/gcc/avr/4.3.3/../../../../avr/lib/avr5/crtm32.o
 .bss           0x00800060        0x0 ./ADC_program.o
 .bss           0x00800060        0x0 ./DIO_program.o
 .bss           0x00800060        0x0 ./TIMER_program.o
 .bss           0x00800060        0x0 ./main.o
 .bss           0x00800060        0x0 c:/users/merna atef/downloads/sdk_win_64/winavr/bin/../lib/gcc/avr/4.3.3/avr5\libgcc.a(_udivmodhi4.o)
 .bss           0x00800060        0x0 c:/users/merna atef/downloads/sdk_win_64/winavr/bin/../lib/gcc/avr/4.3.3/avr5\libgcc.a(_exit.o)
 .bss           0x00800060        0x0 c:/users/merna atef/downloads/sdk_win_64/winavr/bin/../lib/gcc/avr/4.3.3/avr5\libgcc.a(_clear_bss.o)
 *(.bss*)
 .bss.ADC_pu16AsynchConversionResult
                0x00800060        0x2 ./ADC_program.o
 .bss.ADC_pvNotificationFunc
                0x00800062        0x2 ./ADC_program.o
 .bss.ADC_u8State
                0x00800064        0x1 ./ADC_program.o
 .bss.ADC_u8ISRState
                0x00800065        0x1 ./ADC_program.o
 .bss.ADC_pu8ChainChannel
                0x00800066        0x2 ./ADC_program.o
 .bss.ADC_u8ChainSize
                0x00800068        0x1 ./ADC_program.o
 .bss.ADC_u8Index
                0x00800069        0x1 ./ADC_program.o
 .bss.TIMERS_pvCallBackFunc
                0x0080006a       0x20 ./TIMER_program.o
 *(COMMON)
                0x0080008a                PROVIDE (__bss_end, .)
                0x00001c58                __data_load_start = LOADADDR (.data)
                0x00001c58                __data_load_end = (__data_load_start + SIZEOF (.data))

.noinit         0x0080008a        0x0
                0x0080008a                PROVIDE (__noinit_start, .)
 *(.noinit*)
                0x0080008a                PROVIDE (__noinit_end, .)
                0x0080008a                _end = .
                0x0080008a                PROVIDE (__heap_start, .)

.eeprom         0x00810000        0x0
 *(.eeprom*)
                0x00810000                __eeprom_end = .

.fuse
 *(.fuse)
 *(.lfuse)
 *(.hfuse)
 *(.efuse)

.lock
 *(.lock*)

.signature
 *(.signature*)

.stab           0x00000000     0x21cc
 *(.stab)
 .stab          0x00000000      0x810 ./ADC_program.o
 .stab          0x00000810      0xc18 ./DIO_program.o
                                0xcc0 (size before relaxing)
 .stab          0x00001428      0xa08 ./TIMER_program.o
                                0xab0 (size before relaxing)
 .stab          0x00001e30      0x39c ./main.o
                                0x3a8 (size before relaxing)

.stabstr        0x00000000     0x1265
 *(.stabstr)
 .stabstr       0x00000000     0x1265 ./ADC_program.o

.stab.excl
 *(.stab.excl)

.stab.exclstr
 *(.stab.exclstr)

.stab.index
 *(.stab.index)

.stab.indexstr
 *(.stab.indexstr)

.comment
 *(.comment)

.debug
 *(.debug)

.line
 *(.line)

.debug_srcinfo
 *(.debug_srcinfo)

.debug_sfnames
 *(.debug_sfnames)

.debug_aranges
 *(.debug_aranges)

.debug_pubnames
 *(.debug_pubnames)

.debug_info
 *(.debug_info)
 *(.gnu.linkonce.wi.*)

.debug_abbrev
 *(.debug_abbrev)

.debug_line
 *(.debug_line)

.debug_frame
 *(.debug_frame)

.debug_str
 *(.debug_str)

.debug_loc
 *(.debug_loc)

.debug_macinfo
 *(.debug_macinfo)
OUTPUT(task_15.elf elf32-avr)
LOAD linker stubs
